I'm sorry, but errors were detected in your script. Please correct the
errors listed below, and try again.


File "game/script.rpy", line 46: invalid syntax
                    "placeholder": Null
                     ^

Ren'Py Version: Ren'Py 8.1.3.23091805
Fri Nov  3 19:23:52 2023
